2026-03-11 16:06:15,881 - .egsync - INFO - IPFS_API_ADDR: /dns4/test-verifier1-ipfs-1/tcp/5001
2026-03-11 16:06:15,882 - .egsync - INFO - MOCKCHAIN_JSON_DIR: /data/mockchain
2026-03-11 16:06:15,882 - .egsync - INFO - PUBLIC_RECORDS_DIR: /data/private
2026-03-11 16:06:15,888 - .egsync - INFO - ipfs_client: <__main__.RetryingIPFS object at 0x7ff2c4679a30>
2026-03-11 16:06:15,888 - .egsync - INFO - init MockchainSubscriber
2026-03-11 16:06:15,889 - hypercorn.error - INFO - Running on http://0.0.0.0:5000 (CTRL + C to quit)
2026-03-11 16:06:16,410 - .egsync - INFO - schedule_response admin_1 1
2026-03-11 16:06:16,410 - .egsync - INFO - schedule_response admin_1 1
2026-03-11 16:06:16,522 - .egsync - INFO - mint_channel {'mockchain_channel': 'admin_1', 'mockchain_index': 1, 'new_channel_name': 'guardian_1', 'action': 'mint_channel'}
2026-03-11 16:06:17,275 - .egsync - INFO - schedule_response admin_1 2
2026-03-11 16:06:17,276 - .egsync - INFO - schedule_response admin_1 2
2026-03-11 16:06:17,427 - .egsync - INFO - mint_channel {'mockchain_channel': 'admin_1', 'mockchain_index': 2, 'new_channel_name': 'guardian_2', 'action': 'mint_channel'}
2026-03-11 16:06:18,148 - .egsync - INFO - schedule_response admin_1 3
2026-03-11 16:06:18,148 - .egsync - INFO - schedule_response admin_1 3
2026-03-11 16:06:18,296 - .egsync - INFO - mint_channel {'mockchain_channel': 'admin_1', 'mockchain_index': 3, 'new_channel_name': 'guardian_3', 'action': 'mint_channel'}
2026-03-11 16:06:18,953 - .egsync - INFO - schedule_response admin_1 4
2026-03-11 16:06:18,953 - .egsync - INFO - schedule_response admin_1 4
2026-03-11 16:06:19,060 - .egsync - INFO - mint_channel {'mockchain_channel': 'admin_1', 'mockchain_index': 4, 'new_channel_name': 'verifier_1', 'action': 'mint_channel'}
2026-03-11 16:06:19,768 - .egsync - INFO - schedule_response admin_1 5
2026-03-11 16:06:19,768 - .egsync - INFO - schedule_response admin_1 5
2026-03-11 16:06:19,890 - .egsync - INFO - mint_channel {'mockchain_channel': 'admin_1', 'mockchain_index': 5, 'new_channel_name': 'device_1', 'action': 'mint_channel'}
2026-03-11 16:06:20,675 - .egsync - INFO - schedule_response admin_1 6
2026-03-11 16:06:20,675 - .egsync - INFO - schedule_response admin_1 6
2026-03-11 16:06:20,791 - .egsync - INFO - fetch_public_record {'mockchain_channel': 'admin_1', 'mockchain_index': 6, 'cid': 'bafkreiat5mhmsrevctm43qlv6aokrli3cdoj2aqyb34wsf6idybuvzwtua', 'record_type': 'manifest', 'action': 'post_public_record'}
2026-03-11 16:06:20,819 - .egsync - INFO - error handling {'mockchain_channel': 'admin_1', 'mockchain_index': 6, 'action': 'post_public_record'}: object async_generator can't be used in 'await' expression
2026-03-11 16:06:21,576 - .egsync - INFO - schedule_response admin_1 7
2026-03-11 16:06:21,577 - .egsync - INFO - schedule_response admin_1 7
2026-03-11 16:06:21,733 - .egsync - INFO - fetch_public_record {'mockchain_channel': 'admin_1', 'mockchain_index': 7, 'cid': 'bafkreiampwehpnmfwiexflsuqrmythwm5y7b375ypjt64qbwtx5altmrby', 'record_type': 'ceremony_details', 'action': 'post_public_record'}
2026-03-11 16:06:21,737 - .egsync - INFO - error handling {'mockchain_channel': 'admin_1', 'mockchain_index': 7, 'action': 'post_public_record'}: object async_generator can't be used in 'await' expression
2026-03-11 16:06:22,557 - .egsync - INFO - schedule_response guardian_3 1
2026-03-11 16:06:22,557 - .egsync - INFO - schedule_response guardian_3 1
2026-03-11 16:06:22,595 - .egsync - INFO - schedule_response guardian_2 1
2026-03-11 16:06:22,596 - .egsync - INFO - schedule_response guardian_2 1
2026-03-11 16:06:22,710 - .egsync - INFO - fetch_public_record {'mockchain_channel': 'guardian_3', 'mockchain_index': 1, 'guardian_id': 'guardian_3', 'cid': 'bafkreifgfszdehl7ibjxlxa6crbwa5efjb54l42w6pinvxkaysq2jmd7rm', 'record_type': 'guardian_pubkey', 'action': 'post_public_record'}
2026-03-11 16:06:22,778 - .egsync - INFO - fetch_public_record {'mockchain_channel': 'guardian_2', 'mockchain_index': 1, 'guardian_id': 'guardian_2', 'cid': 'bafkreigyyiyxo2azcluqyvjkawd2efcfxpxpdoma6slac4iczy6mld3gry', 'record_type': 'guardian_pubkey', 'action': 'post_public_record'}
2026-03-11 16:06:22,807 - .egsync - INFO - error handling {'mockchain_channel': 'guardian_3', 'mockchain_index': 1, 'guardian_id': 'guardian_3', 'action': 'post_public_record'}: object async_generator can't be used in 'await' expression
2026-03-11 16:06:22,829 - .egsync - INFO - error handling {'mockchain_channel': 'guardian_2', 'mockchain_index': 1, 'guardian_id': 'guardian_2', 'action': 'post_public_record'}: object async_generator can't be used in 'await' expression
2026-03-11 16:06:29,570 - .egsync - INFO - schedule_response guardian_1 1
2026-03-11 16:06:29,571 - .egsync - INFO - schedule_response guardian_1 1
2026-03-11 16:06:29,679 - .egsync - INFO - fetch_public_record {'mockchain_channel': 'guardian_1', 'mockchain_index': 1, 'guardian_id': 'guardian_1', 'cid': 'bafkreie7o7gqsmdpmxroyhjdv7kmdagdyldbjjka4c4wipnocmpzkv3y4y', 'record_type': 'guardian_pubkey', 'action': 'post_public_record'}
2026-03-11 16:06:29,704 - .egsync - INFO - error handling {'mockchain_channel': 'guardian_1', 'mockchain_index': 1, 'guardian_id': 'guardian_1', 'action': 'post_public_record'}: object async_generator can't be used in 'await' expression
2026-03-11 16:06:30,652 - .egsync - INFO - schedule_response guardian_3 2
2026-03-11 16:06:30,653 - .egsync - INFO - schedule_response guardian_3 2
2026-03-11 16:06:30,665 - .egsync - INFO - schedule_response guardian_2 2
2026-03-11 16:06:30,665 - .egsync - INFO - schedule_response guardian_2 2
2026-03-11 16:06:30,710 - .egsync - INFO - schedule_response guardian_1 2
2026-03-11 16:06:30,711 - .egsync - INFO - schedule_response guardian_1 2
2026-03-11 16:06:30,771 - .egsync - INFO - fetch_public_record {'mockchain_channel': 'guardian_3', 'mockchain_index': 2, 'guardian_id': 'guardian_3', 'backup_order': '1', 'cid': 'bafkreifenb77eurcoizeqacvavt25jxpyc2hgvy2pmrldbjsyidbg6qyqu', 'record_type': 'guardian_backup', 'action': 'post_public_record'}
2026-03-11 16:06:30,817 - .egsync - INFO - schedule_response guardian_3 3
2026-03-11 16:06:30,818 - .egsync - INFO - schedule_response guardian_3 3
2026-03-11 16:06:30,822 - .egsync - INFO - schedule_response guardian_1 3
2026-03-11 16:06:30,822 - .egsync - INFO - schedule_response guardian_1 3
2026-03-11 16:06:30,827 - .egsync - INFO - schedule_response guardian_2 3
2026-03-11 16:06:30,827 - .egsync - INFO - schedule_response guardian_2 3
2026-03-11 16:06:30,851 - .egsync - INFO - fetch_public_record {'mockchain_channel': 'guardian_2', 'mockchain_index': 2, 'guardian_id': 'guardian_2', 'backup_order': '1', 'cid': 'bafkreihi6toi5noxmi2xcparo7v3qftb7o7d7qdya77ufm6ed6bpqzopwi', 'record_type': 'guardian_backup', 'action': 'post_public_record'}
2026-03-11 16:06:30,868 - .egsync - INFO - fetch_public_record {'mockchain_channel': 'guardian_1', 'mockchain_index': 2, 'guardian_id': 'guardian_1', 'backup_order': '2', 'cid': 'bafkreidx2d2fz6pnt7ijntvic7m45evsalaecmg3knsmgtufjjdxinbedm', 'record_type': 'guardian_backup', 'action': 'post_public_record'}
2026-03-11 16:06:30,876 - .egsync - INFO - error handling {'mockchain_channel': 'guardian_3', 'mockchain_index': 2, 'guardian_id': 'guardian_3', 'backup_order': '1', 'action': 'post_public_record'}: object async_generator can't be used in 'await' expression
2026-03-11 16:06:30,897 - .egsync - INFO - error handling {'mockchain_channel': 'guardian_1', 'mockchain_index': 2, 'guardian_id': 'guardian_1', 'backup_order': '2', 'action': 'post_public_record'}: object async_generator can't be used in 'await' expression
2026-03-11 16:06:30,902 - .egsync - INFO - error handling {'mockchain_channel': 'guardian_2', 'mockchain_index': 2, 'guardian_id': 'guardian_2', 'backup_order': '1', 'action': 'post_public_record'}: object async_generator can't be used in 'await' expression
2026-03-11 16:06:30,960 - .egsync - INFO - fetch_public_record {'mockchain_channel': 'guardian_3', 'mockchain_index': 3, 'guardian_id': 'guardian_3', 'backup_order': '2', 'cid': 'bafkreiezp6rxp3ln7ha7malo7ywwj3akwpznox74zez43lbtakmmnj643q', 'record_type': 'guardian_backup', 'action': 'post_public_record'}
2026-03-11 16:06:31,049 - .egsync - INFO - fetch_public_record {'mockchain_channel': 'guardian_1', 'mockchain_index': 3, 'guardian_id': 'guardian_1', 'backup_order': '3', 'cid': 'bafkreiasorbdlynbjqdodidkcq5vybquuxyjiyfhy6u3fluzfalnrx7uiu', 'record_type': 'guardian_backup', 'action': 'post_public_record'}
2026-03-11 16:06:31,073 - .egsync - INFO - fetch_public_record {'mockchain_channel': 'guardian_2', 'mockchain_index': 3, 'guardian_id': 'guardian_2', 'backup_order': '3', 'cid': 'bafkreicyiqaeqtckhxzk7lebtkqobvanh55stoeup57lyf4a7hk6xhfpne', 'record_type': 'guardian_backup', 'action': 'post_public_record'}
2026-03-11 16:06:31,099 - .egsync - INFO - error handling {'mockchain_channel': 'guardian_3', 'mockchain_index': 3, 'guardian_id': 'guardian_3', 'backup_order': '2', 'action': 'post_public_record'}: object async_generator can't be used in 'await' expression
2026-03-11 16:06:31,120 - .egsync - INFO - error handling {'mockchain_channel': 'guardian_2', 'mockchain_index': 3, 'guardian_id': 'guardian_2', 'backup_order': '3', 'action': 'post_public_record'}: object async_generator can't be used in 'await' expression
2026-03-11 16:06:31,124 - .egsync - INFO - error handling {'mockchain_channel': 'guardian_1', 'mockchain_index': 3, 'guardian_id': 'guardian_1', 'backup_order': '3', 'action': 'post_public_record'}: object async_generator can't be used in 'await' expression
2026-03-11 16:06:31,852 - .egsync - INFO - schedule_response guardian_2 4
2026-03-11 16:06:31,854 - .egsync - INFO - schedule_response guardian_2 4
2026-03-11 16:06:31,875 - .egsync - INFO - schedule_response guardian_1 4
2026-03-11 16:06:31,876 - .egsync - INFO - schedule_response guardian_1 4
2026-03-11 16:06:31,889 - .egsync - INFO - schedule_response guardian_3 4
2026-03-11 16:06:31,889 - .egsync - INFO - schedule_response guardian_3 4
2026-03-11 16:06:32,017 - .egsync - INFO - fetch_public_record {'mockchain_channel': 'guardian_2', 'mockchain_index': 4, 'guardian_id': 'guardian_1', 'backup_order': '2', 'cid': 'bafkreigttkxiwi77w77wkoa22yqxtvngxwj7mceva2auuokxj4plaoyhw4', 'record_type': 'guardian_verification', 'action': 'post_public_record'}
2026-03-11 16:06:32,043 - .egsync - INFO - schedule_response guardian_1 5
2026-03-11 16:06:32,043 - .egsync - INFO - schedule_response guardian_1 5
2026-03-11 16:06:32,046 - .egsync - INFO - schedule_response guardian_3 5
2026-03-11 16:06:32,047 - .egsync - INFO - schedule_response guardian_3 5
2026-03-11 16:06:32,059 - .egsync - INFO - schedule_response guardian_2 5
2026-03-11 16:06:32,059 - .egsync - INFO - schedule_response guardian_2 5
2026-03-11 16:06:32,079 - .egsync - INFO - fetch_public_record {'mockchain_channel': 'guardian_1', 'mockchain_index': 4, 'guardian_id': 'guardian_2', 'backup_order': '1', 'cid': 'bafkreiahc2ihahmjf47vi2xljttek6ew2drsbnzxoiqsscqeoiuj63d3qy', 'record_type': 'guardian_verification', 'action': 'post_public_record'}
2026-03-11 16:06:32,112 - .egsync - INFO - fetch_public_record {'mockchain_channel': 'guardian_3', 'mockchain_index': 4, 'guardian_id': 'guardian_1', 'backup_order': '3', 'cid': 'bafkreifzmluosaq5i42wepacnjm5baep2ijdnc3rof3mo63ysp63sunrju', 'record_type': 'guardian_verification', 'action': 'post_public_record'}
2026-03-11 16:06:32,117 - .egsync - INFO - error handling {'mockchain_channel': 'guardian_2', 'mockchain_index': 4, 'guardian_id': 'guardian_1', 'backup_order': '2', 'action': 'post_public_record'}: object async_generator can't be used in 'await' expression
2026-03-11 16:06:32,139 - .egsync - INFO - error handling {'mockchain_channel': 'guardian_3', 'mockchain_index': 4, 'guardian_id': 'guardian_1', 'backup_order': '3', 'action': 'post_public_record'}: object async_generator can't be used in 'await' expression
2026-03-11 16:06:32,144 - .egsync - INFO - error handling {'mockchain_channel': 'guardian_1', 'mockchain_index': 4, 'guardian_id': 'guardian_2', 'backup_order': '1', 'action': 'post_public_record'}: object async_generator can't be used in 'await' expression
2026-03-11 16:06:32,221 - .egsync - INFO - fetch_public_record {'mockchain_channel': 'guardian_1', 'mockchain_index': 5, 'guardian_id': 'guardian_3', 'backup_order': '1', 'cid': 'bafkreif76kzib6azzj6g5vjjllgotbloc5gjiyd4huwet243zlzs2jkhia', 'record_type': 'guardian_verification', 'action': 'post_public_record'}
2026-03-11 16:06:32,232 - .egsync - INFO - fetch_public_record {'mockchain_channel': 'guardian_3', 'mockchain_index': 5, 'guardian_id': 'guardian_2', 'backup_order': '3', 'cid': 'bafkreierpscqxdl53de3hwxxltnupfpze3ydmzylety5epq6s26cf5u2a4', 'record_type': 'guardian_verification', 'action': 'post_public_record'}
2026-03-11 16:06:32,319 - .egsync - INFO - fetch_public_record {'mockchain_channel': 'guardian_2', 'mockchain_index': 5, 'guardian_id': 'guardian_3', 'backup_order': '2', 'cid': 'bafkreiaazza6gn6parx2glf7brj64rckr3ixruw4h5negtxi3wvbiwxuye', 'record_type': 'guardian_verification', 'action': 'post_public_record'}
2026-03-11 16:06:32,323 - .egsync - INFO - error handling {'mockchain_channel': 'guardian_1', 'mockchain_index': 5, 'guardian_id': 'guardian_3', 'backup_order': '1', 'action': 'post_public_record'}: object async_generator can't be used in 'await' expression
2026-03-11 16:06:32,330 - .egsync - INFO - error handling {'mockchain_channel': 'guardian_3', 'mockchain_index': 5, 'guardian_id': 'guardian_2', 'backup_order': '3', 'action': 'post_public_record'}: object async_generator can't be used in 'await' expression
2026-03-11 16:06:32,343 - .egsync - INFO - error handling {'mockchain_channel': 'guardian_2', 'mockchain_index': 5, 'guardian_id': 'guardian_3', 'backup_order': '2', 'action': 'post_public_record'}: object async_generator can't be used in 'await' expression
2026-03-11 16:06:32,998 - .egsync - INFO - schedule_response admin_1 8
2026-03-11 16:06:32,999 - .egsync - INFO - schedule_response admin_1 8
2026-03-11 16:06:33,123 - .egsync - INFO - fetch_public_record {'mockchain_channel': 'admin_1', 'mockchain_index': 8, 'cid': 'bafkreiflosagia6a2m5rr2dx3jwgrw3fgz6evooliim32gi35drfe6j7ia', 'record_type': 'joint_key', 'action': 'post_public_record'}
2026-03-11 16:06:33,149 - .egsync - INFO - error handling {'mockchain_channel': 'admin_1', 'mockchain_index': 8, 'action': 'post_public_record'}: object async_generator can't be used in 'await' expression
2026-03-11 16:06:33,895 - .egsync - INFO - schedule_response admin_1 9
2026-03-11 16:06:33,897 - .egsync - INFO - schedule_response admin_1 9
2026-03-11 16:06:33,959 - .egsync - INFO - schedule_response admin_1 10
2026-03-11 16:06:33,960 - .egsync - INFO - schedule_response admin_1 10
2026-03-11 16:06:34,033 - .egsync - INFO - fetch_public_record {'mockchain_channel': 'admin_1', 'mockchain_index': 9, 'cid': 'bafkreicnmehtjlzlm5sddglfrqg2zjmqlrje3g24uxxdgsjzscouqrxjoy', 'record_type': 'constants', 'action': 'post_public_record'}
2026-03-11 16:06:34,058 - .egsync - INFO - error handling {'mockchain_channel': 'admin_1', 'mockchain_index': 9, 'action': 'post_public_record'}: object async_generator can't be used in 'await' expression
2026-03-11 16:06:34,151 - .egsync - INFO - fetch_public_record {'mockchain_channel': 'admin_1', 'mockchain_index': 10, 'cid': 'bafkreicfdhn74ynhdo4z2xnrz7n264njcnjzht5246vyv5ahplyz6j5oyu', 'record_type': 'context', 'action': 'post_public_record'}
2026-03-11 16:06:34,177 - .egsync - INFO - error handling {'mockchain_channel': 'admin_1', 'mockchain_index': 10, 'action': 'post_public_record'}: object async_generator can't be used in 'await' expression
2026-03-11 16:06:34,878 - .egsync - INFO - schedule_response device_1 1
2026-03-11 16:06:34,879 - .egsync - INFO - schedule_response device_1 1
2026-03-11 16:06:35,015 - .egsync - INFO - fetch_public_record {'mockchain_channel': 'device_1', 'mockchain_index': 1, 'device_number': '1', 'cid': 'bafkreif73tr5sgi2qm23r3l3ahmn5z73le7lh2mfw267jzeackvrvzacb4', 'record_type': 'device', 'action': 'post_public_record'}
2026-03-11 16:06:35,019 - .egsync - INFO - error handling {'mockchain_channel': 'device_1', 'mockchain_index': 1, 'device_number': '1', 'action': 'post_public_record'}: object async_generator can't be used in 'await' expression
2026-03-11 16:06:35,952 - .egsync - INFO - schedule_response device_1 2
2026-03-11 16:06:35,952 - .egsync - INFO - schedule_response device_1 2
2026-03-11 16:06:36,086 - .egsync - INFO - fetch_public_record {'mockchain_channel': 'device_1', 'mockchain_index': 2, 'ballot_id': 'ballot-476d9db6-1d64-11f1-9625-768fd7ed4145', 'cid': 'bafkreihelpxclsgoej4a6yeinlw6nlondthnniwwml2tdsvwhollogqxey', 'record_type': 'ballot_submitted', 'action': 'post_public_record'}
2026-03-11 16:06:36,111 - .egsync - INFO - error handling {'mockchain_channel': 'device_1', 'mockchain_index': 2, 'ballot_id': 'ballot-476d9db6-1d64-11f1-9625-768fd7ed4145', 'action': 'post_public_record'}: object async_generator can't be used in 'await' expression
2026-03-11 16:06:37,024 - .egsync - INFO - schedule_response device_1 3
2026-03-11 16:06:37,025 - .egsync - INFO - schedule_response device_1 3
2026-03-11 16:06:37,213 - .egsync - INFO - fetch_public_record {'mockchain_channel': 'device_1', 'mockchain_index': 3, 'ballot_id': 'ballot-480eed2e-1d64-11f1-ac1f-768fd7ed4145', 'cid': 'bafkreibttf67rmdea6gvgux7l4ongpd72cocduvmel65kevffiu5riahe4', 'record_type': 'ballot_submitted', 'action': 'post_public_record'}
2026-03-11 16:06:37,239 - .egsync - INFO - error handling {'mockchain_channel': 'device_1', 'mockchain_index': 3, 'ballot_id': 'ballot-480eed2e-1d64-11f1-ac1f-768fd7ed4145', 'action': 'post_public_record'}: object async_generator can't be used in 'await' expression
2026-03-11 16:06:38,117 - .egsync - INFO - schedule_response device_1 4
2026-03-11 16:06:38,118 - .egsync - INFO - schedule_response device_1 4
2026-03-11 16:06:38,311 - .egsync - INFO - fetch_public_record {'mockchain_channel': 'device_1', 'mockchain_index': 4, 'ballot_id': 'ballot-48b5dc74-1d64-11f1-9b1b-768fd7ed4145', 'cid': 'bafkreiekw4hjgn2bslhg4qkiq7pckzo6lyvt53tbh6xmkqiammti6kbz4y', 'record_type': 'ballot_submitted', 'action': 'post_public_record'}
2026-03-11 16:06:38,336 - .egsync - INFO - error handling {'mockchain_channel': 'device_1', 'mockchain_index': 4, 'ballot_id': 'ballot-48b5dc74-1d64-11f1-9b1b-768fd7ed4145', 'action': 'post_public_record'}: object async_generator can't be used in 'await' expression
2026-03-11 16:06:39,173 - .egsync - INFO - schedule_response device_1 5
2026-03-11 16:06:39,174 - .egsync - INFO - schedule_response device_1 5
2026-03-11 16:06:39,372 - .egsync - INFO - fetch_public_record {'mockchain_channel': 'device_1', 'mockchain_index': 5, 'ballot_id': 'ballot-4957f5fe-1d64-11f1-9226-768fd7ed4145', 'cid': 'bafkreibgrxxgpa6bticetqjcbv47sqxlsomww35r62uvgyftumyz4mrg4e', 'record_type': 'ballot_submitted', 'action': 'post_public_record'}
2026-03-11 16:06:39,398 - .egsync - INFO - error handling {'mockchain_channel': 'device_1', 'mockchain_index': 5, 'ballot_id': 'ballot-4957f5fe-1d64-11f1-9226-768fd7ed4145', 'action': 'post_public_record'}: object async_generator can't be used in 'await' expression
2026-03-11 16:06:40,251 - .egsync - INFO - schedule_response device_1 6
2026-03-11 16:06:40,252 - .egsync - INFO - schedule_response device_1 6
2026-03-11 16:06:40,370 - .egsync - INFO - fetch_public_record {'mockchain_channel': 'device_1', 'mockchain_index': 6, 'ballot_id': 'ballot-49fb726a-1d64-11f1-ad12-768fd7ed4145', 'cid': 'bafkreibhnzwsht7deggi3kbktkbd6pyzgqvjdwz6byt253xusr23jq2r2a', 'record_type': 'ballot_submitted', 'action': 'post_public_record'}
2026-03-11 16:06:40,395 - .egsync - INFO - error handling {'mockchain_channel': 'device_1', 'mockchain_index': 6, 'ballot_id': 'ballot-49fb726a-1d64-11f1-ad12-768fd7ed4145', 'action': 'post_public_record'}: object async_generator can't be used in 'await' expression
2026-03-11 16:06:41,361 - .egsync - INFO - schedule_response device_1 7
2026-03-11 16:06:41,362 - .egsync - INFO - schedule_response device_1 7
2026-03-11 16:06:41,493 - .egsync - INFO - fetch_public_record {'mockchain_channel': 'device_1', 'mockchain_index': 7, 'ballot_id': 'ballot-4aa15ab8-1d64-11f1-bc23-768fd7ed4145', 'cid': 'bafkreigukp4lkf4i25do7uvwahjproph2wi25exiseekqeyr3vbnzs2n5q', 'record_type': 'ballot_submitted', 'action': 'post_public_record'}
2026-03-11 16:06:41,519 - .egsync - INFO - error handling {'mockchain_channel': 'device_1', 'mockchain_index': 7, 'ballot_id': 'ballot-4aa15ab8-1d64-11f1-bc23-768fd7ed4145', 'action': 'post_public_record'}: object async_generator can't be used in 'await' expression
2026-03-11 16:06:42,486 - .egsync - INFO - schedule_response device_1 8
2026-03-11 16:06:42,487 - .egsync - INFO - schedule_response device_1 8
2026-03-11 16:06:42,686 - .egsync - INFO - fetch_public_record {'mockchain_channel': 'device_1', 'mockchain_index': 8, 'ballot_id': 'ballot-4b4fb8a6-1d64-11f1-a997-768fd7ed4145', 'cid': 'bafkreibd7hcur7h4jvwkwntfv2umdvflinwpfbhtifemzdbs6pym75nrmy', 'record_type': 'ballot_submitted', 'action': 'post_public_record'}
2026-03-11 16:06:42,711 - .egsync - INFO - error handling {'mockchain_channel': 'device_1', 'mockchain_index': 8, 'ballot_id': 'ballot-4b4fb8a6-1d64-11f1-a997-768fd7ed4145', 'action': 'post_public_record'}: object async_generator can't be used in 'await' expression
2026-03-11 16:06:43,593 - .egsync - INFO - schedule_response device_1 9
2026-03-11 16:06:43,594 - .egsync - INFO - schedule_response device_1 9
2026-03-11 16:06:43,753 - .egsync - INFO - fetch_public_record {'mockchain_channel': 'device_1', 'mockchain_index': 9, 'ballot_id': 'ballot-4bf9df52-1d64-11f1-8d0e-768fd7ed4145', 'cid': 'bafkreigvru7hi6xjpgeblb6megrckqvcsena3ngjm2jfzjbt3hzxhmaahi', 'record_type': 'ballot_submitted', 'action': 'post_public_record'}
2026-03-11 16:06:43,779 - .egsync - INFO - error handling {'mockchain_channel': 'device_1', 'mockchain_index': 9, 'ballot_id': 'ballot-4bf9df52-1d64-11f1-8d0e-768fd7ed4145', 'action': 'post_public_record'}: object async_generator can't be used in 'await' expression
2026-03-11 16:06:44,685 - .egsync - INFO - schedule_response device_1 10
2026-03-11 16:06:44,685 - .egsync - INFO - schedule_response device_1 10
2026-03-11 16:06:44,886 - .egsync - INFO - fetch_public_record {'mockchain_channel': 'device_1', 'mockchain_index': 10, 'ballot_id': 'ballot-4c9f842a-1d64-11f1-94d0-768fd7ed4145', 'cid': 'bafkreiax7wcfif7bph4kb6f3nh6khm6efcquvf5t236jqi4qunzcowwpzm', 'record_type': 'ballot_submitted', 'action': 'post_public_record'}
2026-03-11 16:06:44,912 - .egsync - INFO - error handling {'mockchain_channel': 'device_1', 'mockchain_index': 10, 'ballot_id': 'ballot-4c9f842a-1d64-11f1-94d0-768fd7ed4145', 'action': 'post_public_record'}: object async_generator can't be used in 'await' expression
2026-03-11 16:06:45,778 - .egsync - INFO - schedule_response device_1 11
2026-03-11 16:06:45,779 - .egsync - INFO - schedule_response device_1 11
2026-03-11 16:06:45,931 - .egsync - INFO - fetch_public_record {'mockchain_channel': 'device_1', 'mockchain_index': 11, 'ballot_id': 'ballot-4d471122-1d64-11f1-a9e3-768fd7ed4145', 'cid': 'bafkreidkum427y5ohffqhpo3gdxwuv5ziqt6kmkg36ziguj6fru5yyequu', 'record_type': 'ballot_submitted', 'action': 'post_public_record'}
2026-03-11 16:06:45,957 - .egsync - INFO - error handling {'mockchain_channel': 'device_1', 'mockchain_index': 11, 'ballot_id': 'ballot-4d471122-1d64-11f1-a9e3-768fd7ed4145', 'action': 'post_public_record'}: object async_generator can't be used in 'await' expression
2026-03-11 16:06:46,870 - .egsync - INFO - schedule_response device_1 12
2026-03-11 16:06:46,871 - .egsync - INFO - schedule_response device_1 12
2026-03-11 16:06:47,004 - .egsync - INFO - fetch_public_record {'mockchain_channel': 'device_1', 'mockchain_index': 12, 'ballot_id': 'ballot-4decea16-1d64-11f1-8c68-768fd7ed4145', 'cid': 'bafkreiabov3szzlddfispbpidljglek4chridkzdy6pqwlxr4ubroqbhfq', 'record_type': 'ballot_submitted', 'action': 'post_public_record'}
2026-03-11 16:06:47,030 - .egsync - INFO - error handling {'mockchain_channel': 'device_1', 'mockchain_index': 12, 'ballot_id': 'ballot-4decea16-1d64-11f1-8c68-768fd7ed4145', 'action': 'post_public_record'}: object async_generator can't be used in 'await' expression
2026-03-11 16:06:47,986 - .egsync - INFO - schedule_response device_1 13
2026-03-11 16:06:47,987 - .egsync - INFO - schedule_response device_1 13
2026-03-11 16:06:48,130 - .egsync - INFO - fetch_public_record {'mockchain_channel': 'device_1', 'mockchain_index': 13, 'ballot_id': 'ballot-4e970104-1d64-11f1-a8cd-768fd7ed4145', 'cid': 'bafkreihhsqshjmdhidlihnoc3tovk3nhokgmi7hdm3mbzfqajuxpuwmcqy', 'record_type': 'ballot_submitted', 'action': 'post_public_record'}
2026-03-11 16:06:48,154 - .egsync - INFO - error handling {'mockchain_channel': 'device_1', 'mockchain_index': 13, 'ballot_id': 'ballot-4e970104-1d64-11f1-a8cd-768fd7ed4145', 'action': 'post_public_record'}: object async_generator can't be used in 'await' expression
2026-03-11 16:06:48,966 - .egsync - INFO - schedule_response device_1 14
2026-03-11 16:06:48,968 - .egsync - INFO - schedule_response device_1 14
2026-03-11 16:06:49,109 - .egsync - INFO - fetch_public_record {'mockchain_channel': 'device_1', 'mockchain_index': 14, 'ballot_id': 'ballot-476d9db6-1d64-11f1-9625-768fd7ed4145', 'cid': 'bafkreidroufhxajucas24tanlfgz7ujyyal5x2geg52nwnalsfibp2x3oq', 'record_type': 'ballot_spoiled', 'action': 'post_public_record'}
2026-03-11 16:06:49,135 - .egsync - INFO - error handling {'mockchain_channel': 'device_1', 'mockchain_index': 14, 'ballot_id': 'ballot-476d9db6-1d64-11f1-9625-768fd7ed4145', 'action': 'post_public_record'}: object async_generator can't be used in 'await' expression
2026-03-11 16:06:49,966 - .egsync - INFO - schedule_response device_1 15
2026-03-11 16:06:49,967 - .egsync - INFO - schedule_response device_1 15
2026-03-11 16:06:50,098 - .egsync - INFO - fetch_public_record {'mockchain_channel': 'device_1', 'mockchain_index': 15, 'ballot_id': 'ballot-480eed2e-1d64-11f1-ac1f-768fd7ed4145', 'cid': 'bafkreifjn5g5az6vyrb5ywhnx7gyn6axmh7bzszebiw44g7m7duy7ebai4', 'record_type': 'ballot_spoiled', 'action': 'post_public_record'}
2026-03-11 16:06:50,123 - .egsync - INFO - error handling {'mockchain_channel': 'device_1', 'mockchain_index': 15, 'ballot_id': 'ballot-480eed2e-1d64-11f1-ac1f-768fd7ed4145', 'action': 'post_public_record'}: object async_generator can't be used in 'await' expression
2026-03-11 16:06:50,976 - .egsync - INFO - schedule_response device_1 16
2026-03-11 16:06:50,977 - .egsync - INFO - schedule_response device_1 16
2026-03-11 16:06:51,085 - .egsync - INFO - fetch_public_record {'mockchain_channel': 'device_1', 'mockchain_index': 16, 'ballot_id': 'ballot-48b5dc74-1d64-11f1-9b1b-768fd7ed4145', 'cid': 'bafkreifs7zrddjb6umnatxyomj36r26kggphp4ej7iljau5cms3ktuj3tm', 'record_type': 'ballot_spoiled', 'action': 'post_public_record'}
2026-03-11 16:06:51,112 - .egsync - INFO - error handling {'mockchain_channel': 'device_1', 'mockchain_index': 16, 'ballot_id': 'ballot-48b5dc74-1d64-11f1-9b1b-768fd7ed4145', 'action': 'post_public_record'}: object async_generator can't be used in 'await' expression
2026-03-11 16:06:51,897 - .egsync - INFO - schedule_response device_1 17
2026-03-11 16:06:51,898 - .egsync - INFO - schedule_response device_1 17
2026-03-11 16:06:52,066 - .egsync - INFO - fetch_public_record {'mockchain_channel': 'device_1', 'mockchain_index': 17, 'ballot_id': 'ballot-4957f5fe-1d64-11f1-9226-768fd7ed4145', 'cid': 'bafkreihzxotfhtjm2wm3bwb25clfw5mw37cyoxro5yywd4g3re3h6haq4u', 'record_type': 'cast_notice', 'action': 'post_public_record'}
2026-03-11 16:06:52,070 - .egsync - INFO - error handling {'mockchain_channel': 'device_1', 'mockchain_index': 17, 'ballot_id': 'ballot-4957f5fe-1d64-11f1-9226-768fd7ed4145', 'action': 'post_public_record'}: object async_generator can't be used in 'await' expression
2026-03-11 16:06:52,879 - .egsync - INFO - schedule_response device_1 18
2026-03-11 16:06:52,879 - .egsync - INFO - schedule_response device_1 18
2026-03-11 16:06:53,015 - .egsync - INFO - fetch_public_record {'mockchain_channel': 'device_1', 'mockchain_index': 18, 'ballot_id': 'ballot-49fb726a-1d64-11f1-ad12-768fd7ed4145', 'cid': 'bafkreiavzjzgcw645hcshu7opwwc4fgrye5izithlpirymhkoaeogrptty', 'record_type': 'ballot_spoiled', 'action': 'post_public_record'}
2026-03-11 16:06:53,041 - .egsync - INFO - error handling {'mockchain_channel': 'device_1', 'mockchain_index': 18, 'ballot_id': 'ballot-49fb726a-1d64-11f1-ad12-768fd7ed4145', 'action': 'post_public_record'}: object async_generator can't be used in 'await' expression
2026-03-11 16:06:53,898 - .egsync - INFO - schedule_response device_1 19
2026-03-11 16:06:53,899 - .egsync - INFO - schedule_response device_1 19
2026-03-11 16:06:54,081 - .egsync - INFO - fetch_public_record {'mockchain_channel': 'device_1', 'mockchain_index': 19, 'ballot_id': 'ballot-4aa15ab8-1d64-11f1-bc23-768fd7ed4145', 'cid': 'bafkreicshqopt3jgh32b2siwymemsypa4v2p3ezjta2hn3tz7bkxybn53a', 'record_type': 'ballot_spoiled', 'action': 'post_public_record'}
2026-03-11 16:06:54,106 - .egsync - INFO - error handling {'mockchain_channel': 'device_1', 'mockchain_index': 19, 'ballot_id': 'ballot-4aa15ab8-1d64-11f1-bc23-768fd7ed4145', 'action': 'post_public_record'}: object async_generator can't be used in 'await' expression
2026-03-11 16:06:54,835 - .egsync - INFO - schedule_response device_1 20
2026-03-11 16:06:54,836 - .egsync - INFO - schedule_response device_1 20
2026-03-11 16:06:55,004 - .egsync - INFO - fetch_public_record {'mockchain_channel': 'device_1', 'mockchain_index': 20, 'ballot_id': 'ballot-4b4fb8a6-1d64-11f1-a997-768fd7ed4145', 'cid': 'bafkreiexcmw5652z45vkraqm2hycndci3mknx5l4cjs7rlh5ve3i2xn3ni', 'record_type': 'cast_notice', 'action': 'post_public_record'}
2026-03-11 16:06:55,008 - .egsync - INFO - error handling {'mockchain_channel': 'device_1', 'mockchain_index': 20, 'ballot_id': 'ballot-4b4fb8a6-1d64-11f1-a997-768fd7ed4145', 'action': 'post_public_record'}: object async_generator can't be used in 'await' expression
2026-03-11 16:06:55,780 - .egsync - INFO - schedule_response device_1 21
2026-03-11 16:06:55,782 - .egsync - INFO - schedule_response device_1 21
2026-03-11 16:06:55,971 - .egsync - INFO - fetch_public_record {'mockchain_channel': 'device_1', 'mockchain_index': 21, 'ballot_id': 'ballot-4bf9df52-1d64-11f1-8d0e-768fd7ed4145', 'cid': 'bafkreidpttwq7stnwj5pchrrxbxfd6vaenfqeigejr645yodrqv5b77dhu', 'record_type': 'cast_notice', 'action': 'post_public_record'}
2026-03-11 16:06:55,975 - .egsync - INFO - error handling {'mockchain_channel': 'device_1', 'mockchain_index': 21, 'ballot_id': 'ballot-4bf9df52-1d64-11f1-8d0e-768fd7ed4145', 'action': 'post_public_record'}: object async_generator can't be used in 'await' expression
2026-03-11 16:06:56,786 - .egsync - INFO - schedule_response device_1 22
2026-03-11 16:06:56,787 - .egsync - INFO - schedule_response device_1 22
2026-03-11 16:06:56,952 - .egsync - INFO - fetch_public_record {'mockchain_channel': 'device_1', 'mockchain_index': 22, 'ballot_id': 'ballot-4c9f842a-1d64-11f1-94d0-768fd7ed4145', 'cid': 'bafkreiecjgwtcfhahxn4fz62ltnut3mnjf55uxqmri3svth4uiq3bsm43m', 'record_type': 'ballot_spoiled', 'action': 'post_public_record'}
2026-03-11 16:06:56,976 - .egsync - INFO - error handling {'mockchain_channel': 'device_1', 'mockchain_index': 22, 'ballot_id': 'ballot-4c9f842a-1d64-11f1-94d0-768fd7ed4145', 'action': 'post_public_record'}: object async_generator can't be used in 'await' expression
2026-03-11 16:06:57,709 - .egsync - INFO - schedule_response device_1 23
2026-03-11 16:06:57,710 - .egsync - INFO - schedule_response device_1 23
2026-03-11 16:06:57,839 - .egsync - INFO - fetch_public_record {'mockchain_channel': 'device_1', 'mockchain_index': 23, 'ballot_id': 'ballot-4d471122-1d64-11f1-a9e3-768fd7ed4145', 'cid': 'bafkreihgyyk74uquxnm7cldulhy6msyqaj6uqar2cl26db5aiuwbhzgceq', 'record_type': 'cast_notice', 'action': 'post_public_record'}
2026-03-11 16:06:57,843 - .egsync - INFO - error handling {'mockchain_channel': 'device_1', 'mockchain_index': 23, 'ballot_id': 'ballot-4d471122-1d64-11f1-a9e3-768fd7ed4145', 'action': 'post_public_record'}: object async_generator can't be used in 'await' expression
2026-03-11 16:06:58,615 - .egsync - INFO - schedule_response device_1 24
2026-03-11 16:06:58,617 - .egsync - INFO - schedule_response device_1 24
2026-03-11 16:06:58,799 - .egsync - INFO - fetch_public_record {'mockchain_channel': 'device_1', 'mockchain_index': 24, 'ballot_id': 'ballot-4decea16-1d64-11f1-8c68-768fd7ed4145', 'cid': 'bafkreic5fv2pemgfbfoio72cmfwfqufaclkrsdofpv5m7jak6efpeiqthy', 'record_type': 'cast_notice', 'action': 'post_public_record'}
2026-03-11 16:06:58,803 - .egsync - INFO - error handling {'mockchain_channel': 'device_1', 'mockchain_index': 24, 'ballot_id': 'ballot-4decea16-1d64-11f1-8c68-768fd7ed4145', 'action': 'post_public_record'}: object async_generator can't be used in 'await' expression
2026-03-11 16:06:59,498 - .egsync - INFO - schedule_response device_1 25
2026-03-11 16:06:59,498 - .egsync - INFO - schedule_response device_1 25
2026-03-11 16:06:59,647 - .egsync - INFO - fetch_public_record {'mockchain_channel': 'device_1', 'mockchain_index': 25, 'ballot_id': 'ballot-4e970104-1d64-11f1-a8cd-768fd7ed4145', 'cid': 'bafkreibhj6cdhoczzsfaovsqhqp5xji554qkg52q735fffw2jkze2osasu', 'record_type': 'cast_notice', 'action': 'post_public_record'}
2026-03-11 16:06:59,651 - .egsync - INFO - error handling {'mockchain_channel': 'device_1', 'mockchain_index': 25, 'ballot_id': 'ballot-4e970104-1d64-11f1-a8cd-768fd7ed4145', 'action': 'post_public_record'}: object async_generator can't be used in 'await' expression
2026-03-11 16:07:01,787 - .egsync - INFO - schedule_response admin_1 11
2026-03-11 16:07:01,787 - .egsync - INFO - schedule_response admin_1 11
2026-03-11 16:07:01,894 - .egsync - INFO - fetch_public_record {'mockchain_channel': 'admin_1', 'mockchain_index': 11, 'cid': 'bafkreievubwr4agxsswp4relq4qkmq4fvcwo74vximmlgrk3zbz6xbwpka', 'record_type': 'ciphertext_tally', 'action': 'post_public_record'}
2026-03-11 16:07:01,920 - .egsync - INFO - error handling {'mockchain_channel': 'admin_1', 'mockchain_index': 11, 'action': 'post_public_record'}: object async_generator can't be used in 'await' expression
2026-03-11 16:07:02,937 - .egsync - INFO - schedule_response guardian_1 6
2026-03-11 16:07:02,938 - .egsync - INFO - schedule_response guardian_1 6
2026-03-11 16:07:02,942 - .egsync - INFO - schedule_response guardian_3 6
2026-03-11 16:07:02,942 - .egsync - INFO - schedule_response guardian_3 6
2026-03-11 16:07:02,966 - .egsync - INFO - schedule_response guardian_2 6
2026-03-11 16:07:02,967 - .egsync - INFO - schedule_response guardian_2 6
2026-03-11 16:07:03,042 - .egsync - INFO - fetch_public_record {'mockchain_channel': 'guardian_1', 'mockchain_index': 6, 'guardian_id': 'guardian_1', 'cid': 'bafkreihcug5vklujdx46a6rysjorrmyraastqlgh2ghxza4idmr4bbp7wa', 'record_type': 'tally_share', 'action': 'post_public_record'}
2026-03-11 16:07:03,135 - .egsync - INFO - fetch_public_record {'mockchain_channel': 'guardian_3', 'mockchain_index': 6, 'guardian_id': 'guardian_3', 'cid': 'bafkreib5n5dqgpsbsmgfvrhjhsd5lrn4m6l24exjslkwiqev5rovfdvxna', 'record_type': 'tally_share', 'action': 'post_public_record'}
2026-03-11 16:07:03,137 - .egsync - INFO - fetch_public_record {'mockchain_channel': 'guardian_2', 'mockchain_index': 6, 'guardian_id': 'guardian_2', 'cid': 'bafkreia64mxrrklbazfwr5t6gthkya4oxf6xkwvgrttwzewursa3fbswuq', 'record_type': 'tally_share', 'action': 'post_public_record'}
2026-03-11 16:07:03,160 - .egsync - INFO - error handling {'mockchain_channel': 'guardian_1', 'mockchain_index': 6, 'guardian_id': 'guardian_1', 'action': 'post_public_record'}: object async_generator can't be used in 'await' expression
2026-03-11 16:07:03,182 - .egsync - INFO - error handling {'mockchain_channel': 'guardian_3', 'mockchain_index': 6, 'guardian_id': 'guardian_3', 'action': 'post_public_record'}: object async_generator can't be used in 'await' expression
2026-03-11 16:07:03,187 - .egsync - INFO - error handling {'mockchain_channel': 'guardian_2', 'mockchain_index': 6, 'guardian_id': 'guardian_2', 'action': 'post_public_record'}: object async_generator can't be used in 'await' expression
2026-03-11 16:07:03,737 - .egsync - INFO - schedule_response guardian_1 7
2026-03-11 16:07:03,737 - .egsync - INFO - schedule_response guardian_1 7
2026-03-11 16:07:03,797 - .egsync - INFO - schedule_response guardian_1 8
2026-03-11 16:07:03,797 - .egsync - INFO - schedule_response guardian_1 8
2026-03-11 16:07:03,862 - .egsync - INFO - schedule_response guardian_1 9
2026-03-11 16:07:03,862 - .egsync - INFO - schedule_response guardian_1 9
2026-03-11 16:07:03,865 - .egsync - INFO - fetch_public_record {'mockchain_channel': 'guardian_1', 'mockchain_index': 7, 'spoiled_id': 'ballot-476d9db6-1d64-11f1-9625-768fd7ed4145', 'guardian_id': 'guardian_1', 'cid': 'bafkreifvnrplnw2bmydu4khwkpk4lpjndukz6jxfm7lp2vs43yf55up2bm', 'record_type': 'spoiled_share', 'action': 'post_public_record'}
2026-03-11 16:07:03,891 - .egsync - INFO - error handling {'mockchain_channel': 'guardian_1', 'mockchain_index': 7, 'spoiled_id': 'ballot-476d9db6-1d64-11f1-9625-768fd7ed4145', 'guardian_id': 'guardian_1', 'action': 'post_public_record'}: object async_generator can't be used in 'await' expression
2026-03-11 16:07:03,977 - .egsync - INFO - fetch_public_record {'mockchain_channel': 'guardian_1', 'mockchain_index': 8, 'spoiled_id': 'ballot-480eed2e-1d64-11f1-ac1f-768fd7ed4145', 'guardian_id': 'guardian_1', 'cid': 'bafkreiffqfwkwlaqycw6snghprjfor4tpihhmfydwkejvphmrn2iwu2cv4', 'record_type': 'spoiled_share', 'action': 'post_public_record'}
2026-03-11 16:07:03,994 - .egsync - INFO - schedule_response guardian_1 10
2026-03-11 16:07:03,996 - .egsync - INFO - schedule_response guardian_1 10
2026-03-11 16:07:04,019 - .egsync - INFO - schedule_response guardian_2 7
2026-03-11 16:07:04,020 - .egsync - INFO - schedule_response guardian_2 7
2026-03-11 16:07:04,046 - .egsync - INFO - fetch_public_record {'mockchain_channel': 'guardian_1', 'mockchain_index': 9, 'spoiled_id': 'ballot-48b5dc74-1d64-11f1-9b1b-768fd7ed4145', 'guardian_id': 'guardian_1', 'cid': 'bafkreiagowiardipcmvxgoj5lo5bahk337bxtdyyvth4akbppshyxia5ia', 'record_type': 'spoiled_share', 'action': 'post_public_record'}
2026-03-11 16:07:04,072 - .egsync - INFO - schedule_response guardian_3 7
2026-03-11 16:07:04,073 - .egsync - INFO - schedule_response guardian_3 7
2026-03-11 16:07:04,075 - .egsync - INFO - error handling {'mockchain_channel': 'guardian_1', 'mockchain_index': 8, 'spoiled_id': 'ballot-480eed2e-1d64-11f1-ac1f-768fd7ed4145', 'guardian_id': 'guardian_1', 'action': 'post_public_record'}: object async_generator can't be used in 'await' expression
2026-03-11 16:07:04,082 - .egsync - INFO - error handling {'mockchain_channel': 'guardian_1', 'mockchain_index': 9, 'spoiled_id': 'ballot-48b5dc74-1d64-11f1-9b1b-768fd7ed4145', 'guardian_id': 'guardian_1', 'action': 'post_public_record'}: object async_generator can't be used in 'await' expression
2026-03-11 16:07:04,150 - .egsync - INFO - schedule_response guardian_1 11
2026-03-11 16:07:04,151 - .egsync - INFO - schedule_response guardian_1 11
2026-03-11 16:07:04,193 - .egsync - INFO - schedule_response guardian_2 8
2026-03-11 16:07:04,194 - .egsync - INFO - schedule_response guardian_2 8
2026-03-11 16:07:04,197 - .egsync - INFO - schedule_response guardian_3 8
2026-03-11 16:07:04,198 - .egsync - INFO - schedule_response guardian_3 8
2026-03-11 16:07:04,201 - .egsync - INFO - fetch_public_record {'mockchain_channel': 'guardian_1', 'mockchain_index': 10, 'spoiled_id': 'ballot-49fb726a-1d64-11f1-ad12-768fd7ed4145', 'guardian_id': 'guardian_1', 'cid': 'bafkreig7zc3plmc45xcsamnsmf5bywi3fofuxp4moqdu4ndmkgdhohkigi', 'record_type': 'spoiled_share', 'action': 'post_public_record'}
2026-03-11 16:07:04,245 - .egsync - INFO - fetch_public_record {'mockchain_channel': 'guardian_2', 'mockchain_index': 7, 'spoiled_id': 'ballot-476d9db6-1d64-11f1-9625-768fd7ed4145', 'guardian_id': 'guardian_2', 'cid': 'bafkreihc4oucffse55225dmfz4b2ybtn6yoi6ipxu3ra5ydworckxtthgy', 'record_type': 'spoiled_share', 'action': 'post_public_record'}
2026-03-11 16:07:04,254 - .egsync - INFO - fetch_public_record {'mockchain_channel': 'guardian_3', 'mockchain_index': 7, 'spoiled_id': 'ballot-476d9db6-1d64-11f1-9625-768fd7ed4145', 'guardian_id': 'guardian_3', 'cid': 'bafkreibwcjoghauq7w3s3h5z2ov4gb6ffwyzct5ac4sa6a3wsv3hnarxfm', 'record_type': 'spoiled_share', 'action': 'post_public_record'}
2026-03-11 16:07:04,280 - .egsync - INFO - error handling {'mockchain_channel': 'guardian_1', 'mockchain_index': 10, 'spoiled_id': 'ballot-49fb726a-1d64-11f1-ad12-768fd7ed4145', 'guardian_id': 'guardian_1', 'action': 'post_public_record'}: object async_generator can't be used in 'await' expression
2026-03-11 16:07:04,281 - .egsync - INFO - schedule_response guardian_1 12
2026-03-11 16:07:04,282 - .egsync - INFO - schedule_response guardian_1 12
2026-03-11 16:07:04,294 - .egsync - INFO - error handling {'mockchain_channel': 'guardian_2', 'mockchain_index': 7, 'spoiled_id': 'ballot-476d9db6-1d64-11f1-9625-768fd7ed4145', 'guardian_id': 'guardian_2', 'action': 'post_public_record'}: object async_generator can't be used in 'await' expression
2026-03-11 16:07:04,302 - .egsync - INFO - error handling {'mockchain_channel': 'guardian_3', 'mockchain_index': 7, 'spoiled_id': 'ballot-476d9db6-1d64-11f1-9625-768fd7ed4145', 'guardian_id': 'guardian_3', 'action': 'post_public_record'}: object async_generator can't be used in 'await' expression
2026-03-11 16:07:04,368 - .egsync - INFO - schedule_response guardian_3 9
2026-03-11 16:07:04,369 - .egsync - INFO - schedule_response guardian_3 9
2026-03-11 16:07:04,426 - .egsync - INFO - fetch_public_record {'mockchain_channel': 'guardian_1', 'mockchain_index': 11, 'spoiled_id': 'ballot-4aa15ab8-1d64-11f1-bc23-768fd7ed4145', 'guardian_id': 'guardian_1', 'cid': 'bafkreielhlqobw35aa4ztdaeooetidizhxcojxo46yngj67354wuw3npgy', 'record_type': 'spoiled_share', 'action': 'post_public_record'}
2026-03-11 16:07:04,428 - .egsync - INFO - fetch_public_record {'mockchain_channel': 'guardian_2', 'mockchain_index': 8, 'spoiled_id': 'ballot-480eed2e-1d64-11f1-ac1f-768fd7ed4145', 'guardian_id': 'guardian_2', 'cid': 'bafkreibqpsa5ouitox5vlty23wallbjf2rtul547o7kxnz2c33gegaat6m', 'record_type': 'spoiled_share', 'action': 'post_public_record'}
2026-03-11 16:07:04,513 - .egsync - INFO - fetch_public_record {'mockchain_channel': 'guardian_3', 'mockchain_index': 8, 'spoiled_id': 'ballot-480eed2e-1d64-11f1-ac1f-768fd7ed4145', 'guardian_id': 'guardian_3', 'cid': 'bafkreias7eapemxb4d6xlfnhbl6qg6o7h2nnxor4p3coi22fe3xb2lyege', 'record_type': 'spoiled_share', 'action': 'post_public_record'}
2026-03-11 16:07:04,525 - .egsync - INFO - schedule_response guardian_3 10
2026-03-11 16:07:04,525 - .egsync - INFO - schedule_response guardian_3 10
2026-03-11 16:07:04,535 - .egsync - INFO - fetch_public_record {'mockchain_channel': 'guardian_1', 'mockchain_index': 12, 'spoiled_id': 'ballot-4c9f842a-1d64-11f1-94d0-768fd7ed4145', 'guardian_id': 'guardian_1', 'cid': 'bafkreib2mw2u2fmg5crie622g52fi7b7bydkzean7opgbr3xajlboizewu', 'record_type': 'spoiled_share', 'action': 'post_public_record'}
2026-03-11 16:07:04,542 - .egsync - INFO - error handling {'mockchain_channel': 'guardian_1', 'mockchain_index': 11, 'spoiled_id': 'ballot-4aa15ab8-1d64-11f1-bc23-768fd7ed4145', 'guardian_id': 'guardian_1', 'action': 'post_public_record'}: object async_generator can't be used in 'await' expression
2026-03-11 16:07:04,553 - .egsync - INFO - error handling {'mockchain_channel': 'guardian_2', 'mockchain_index': 8, 'spoiled_id': 'ballot-480eed2e-1d64-11f1-ac1f-768fd7ed4145', 'guardian_id': 'guardian_2', 'action': 'post_public_record'}: object async_generator can't be used in 'await' expression
2026-03-11 16:07:04,562 - .egsync - INFO - error handling {'mockchain_channel': 'guardian_3', 'mockchain_index': 8, 'spoiled_id': 'ballot-480eed2e-1d64-11f1-ac1f-768fd7ed4145', 'guardian_id': 'guardian_3', 'action': 'post_public_record'}: object async_generator can't be used in 'await' expression
2026-03-11 16:07:04,585 - .egsync - INFO - error handling {'mockchain_channel': 'guardian_1', 'mockchain_index': 12, 'spoiled_id': 'ballot-4c9f842a-1d64-11f1-94d0-768fd7ed4145', 'guardian_id': 'guardian_1', 'action': 'post_public_record'}: object async_generator can't be used in 'await' expression
2026-03-11 16:07:04,613 - .egsync - INFO - schedule_response guardian_3 11
2026-03-11 16:07:04,614 - .egsync - INFO - schedule_response guardian_3 11
2026-03-11 16:07:04,619 - .egsync - INFO - fetch_public_record {'mockchain_channel': 'guardian_3', 'mockchain_index': 9, 'spoiled_id': 'ballot-48b5dc74-1d64-11f1-9b1b-768fd7ed4145', 'guardian_id': 'guardian_3', 'cid': 'bafkreid4jkivfh2ib3hbyx4iwjaocn745n4i5u7ii2rbpc3icmvepgeq4m', 'record_type': 'spoiled_share', 'action': 'post_public_record'}
2026-03-11 16:07:04,659 - .egsync - INFO - fetch_public_record {'mockchain_channel': 'guardian_3', 'mockchain_index': 10, 'spoiled_id': 'ballot-49fb726a-1d64-11f1-ad12-768fd7ed4145', 'guardian_id': 'guardian_3', 'cid': 'bafkreidtm4kr65lbx3zkdhefbvgwy2ec4lhx5x2idy4nc3cdmx3wmso54e', 'record_type': 'spoiled_share', 'action': 'post_public_record'}
2026-03-11 16:07:04,666 - .egsync - INFO - error handling {'mockchain_channel': 'guardian_3', 'mockchain_index': 9, 'spoiled_id': 'ballot-48b5dc74-1d64-11f1-9b1b-768fd7ed4145', 'guardian_id': 'guardian_3', 'action': 'post_public_record'}: object async_generator can't be used in 'await' expression
2026-03-11 16:07:04,688 - .egsync - INFO - schedule_response guardian_3 12
2026-03-11 16:07:04,688 - .egsync - INFO - schedule_response guardian_3 12
2026-03-11 16:07:04,693 - .egsync - INFO - error handling {'mockchain_channel': 'guardian_3', 'mockchain_index': 10, 'spoiled_id': 'ballot-49fb726a-1d64-11f1-ad12-768fd7ed4145', 'guardian_id': 'guardian_3', 'action': 'post_public_record'}: object async_generator can't be used in 'await' expression
2026-03-11 16:07:04,694 - .egsync - INFO - schedule_response guardian_2 9
2026-03-11 16:07:04,695 - .egsync - INFO - schedule_response guardian_2 9
2026-03-11 16:07:04,756 - .egsync - INFO - fetch_public_record {'mockchain_channel': 'guardian_3', 'mockchain_index': 11, 'spoiled_id': 'ballot-4aa15ab8-1d64-11f1-bc23-768fd7ed4145', 'guardian_id': 'guardian_3', 'cid': 'bafkreic5zs7g7pnsad3yglkfs6wacofi3h63gwhxskolraxfko5waeqsoy', 'record_type': 'spoiled_share', 'action': 'post_public_record'}
2026-03-11 16:07:04,782 - .egsync - INFO - error handling {'mockchain_channel': 'guardian_3', 'mockchain_index': 11, 'spoiled_id': 'ballot-4aa15ab8-1d64-11f1-bc23-768fd7ed4145', 'guardian_id': 'guardian_3', 'action': 'post_public_record'}: object async_generator can't be used in 'await' expression
2026-03-11 16:07:04,791 - .egsync - INFO - schedule_response guardian_2 10
2026-03-11 16:07:04,791 - .egsync - INFO - schedule_response guardian_2 10
2026-03-11 16:07:04,816 - .egsync - INFO - fetch_public_record {'mockchain_channel': 'guardian_3', 'mockchain_index': 12, 'spoiled_id': 'ballot-4c9f842a-1d64-11f1-94d0-768fd7ed4145', 'guardian_id': 'guardian_3', 'cid': 'bafkreihctuwj7jxhlp2qashvfw4k6ijjnv7ayhgqfuekil66gysoxwvcsm', 'record_type': 'spoiled_share', 'action': 'post_public_record'}
2026-03-11 16:07:04,909 - .egsync - INFO - fetch_public_record {'mockchain_channel': 'guardian_2', 'mockchain_index': 9, 'spoiled_id': 'ballot-48b5dc74-1d64-11f1-9b1b-768fd7ed4145', 'guardian_id': 'guardian_2', 'cid': 'bafkreidn32rhehcugcfw4eq7byy5w5xyhzb26oonel3nkqia7en6lu6bse', 'record_type': 'spoiled_share', 'action': 'post_public_record'}
2026-03-11 16:07:04,999 - .egsync - INFO - fetch_public_record {'mockchain_channel': 'guardian_2', 'mockchain_index': 10, 'spoiled_id': 'ballot-49fb726a-1d64-11f1-ad12-768fd7ed4145', 'guardian_id': 'guardian_2', 'cid': 'bafkreidphlabwc6yjc43eb332szf5qq4rl54c5muyevakmp6tokxdwh2xe', 'record_type': 'spoiled_share', 'action': 'post_public_record'}
2026-03-11 16:07:05,002 - .egsync - INFO - error handling {'mockchain_channel': 'guardian_3', 'mockchain_index': 12, 'spoiled_id': 'ballot-4c9f842a-1d64-11f1-94d0-768fd7ed4145', 'guardian_id': 'guardian_3', 'action': 'post_public_record'}: object async_generator can't be used in 'await' expression
2026-03-11 16:07:05,003 - .egsync - INFO - error handling {'mockchain_channel': 'guardian_2', 'mockchain_index': 9, 'spoiled_id': 'ballot-48b5dc74-1d64-11f1-9b1b-768fd7ed4145', 'guardian_id': 'guardian_2', 'action': 'post_public_record'}: object async_generator can't be used in 'await' expression
2026-03-11 16:07:05,024 - .egsync - INFO - error handling {'mockchain_channel': 'guardian_2', 'mockchain_index': 10, 'spoiled_id': 'ballot-49fb726a-1d64-11f1-ad12-768fd7ed4145', 'guardian_id': 'guardian_2', 'action': 'post_public_record'}: object async_generator can't be used in 'await' expression
2026-03-11 16:07:05,059 - .egsync - INFO - schedule_response guardian_2 11
2026-03-11 16:07:05,060 - .egsync - INFO - schedule_response guardian_2 11
2026-03-11 16:07:05,116 - .egsync - INFO - schedule_response guardian_2 12
2026-03-11 16:07:05,116 - .egsync - INFO - schedule_response guardian_2 12
2026-03-11 16:07:05,220 - .egsync - INFO - fetch_public_record {'mockchain_channel': 'guardian_2', 'mockchain_index': 11, 'spoiled_id': 'ballot-4aa15ab8-1d64-11f1-bc23-768fd7ed4145', 'guardian_id': 'guardian_2', 'cid': 'bafkreiga37rtmlmjja66th2mmykrsqqqrjkgrforkdoucfrw5skgaqhyoa', 'record_type': 'spoiled_share', 'action': 'post_public_record'}
2026-03-11 16:07:05,233 - .egsync - INFO - fetch_public_record {'mockchain_channel': 'guardian_2', 'mockchain_index': 12, 'spoiled_id': 'ballot-4c9f842a-1d64-11f1-94d0-768fd7ed4145', 'guardian_id': 'guardian_2', 'cid': 'bafkreige667qcooppyj5pkhvc3djuobyq3by6kc6hp4jwplspqlx2ihzp4', 'record_type': 'spoiled_share', 'action': 'post_public_record'}
2026-03-11 16:07:05,258 - .egsync - INFO - error handling {'mockchain_channel': 'guardian_2', 'mockchain_index': 11, 'spoiled_id': 'ballot-4aa15ab8-1d64-11f1-bc23-768fd7ed4145', 'guardian_id': 'guardian_2', 'action': 'post_public_record'}: object async_generator can't be used in 'await' expression
2026-03-11 16:07:05,280 - .egsync - INFO - error handling {'mockchain_channel': 'guardian_2', 'mockchain_index': 12, 'spoiled_id': 'ballot-4c9f842a-1d64-11f1-94d0-768fd7ed4145', 'guardian_id': 'guardian_2', 'action': 'post_public_record'}: object async_generator can't be used in 'await' expression
2026-03-11 16:07:06,288 - .egsync - INFO - schedule_response admin_1 12
2026-03-11 16:07:06,289 - .egsync - INFO - schedule_response admin_1 12
2026-03-11 16:07:06,460 - .egsync - INFO - fetch_public_record {'mockchain_channel': 'admin_1', 'mockchain_index': 12, 'cid': 'bafkreicy6dgis5ro4cwe7khlj53b575frfsrrydhu6cxu2vrlwstcwkyyu', 'record_type': 'plaintext_tally', 'action': 'post_public_record'}
2026-03-11 16:07:06,486 - .egsync - INFO - error handling {'mockchain_channel': 'admin_1', 'mockchain_index': 12, 'action': 'post_public_record'}: object async_generator can't be used in 'await' expression
2026-03-11 16:07:06,645 - .egsync - INFO - schedule_response admin_1 13
2026-03-11 16:07:06,645 - .egsync - INFO - schedule_response admin_1 13
2026-03-11 16:07:06,833 - .egsync - INFO - fetch_public_record {'mockchain_channel': 'admin_1', 'mockchain_index': 13, 'ballot_id': 'ballot-476d9db6-1d64-11f1-9625-768fd7ed4145', 'cid': 'bafkreihjz3q65b3yfyjvjf6m7rbhw7zsuqevlzjdate6ojuqx7mhug3x5m', 'record_type': 'spoiled_result', 'action': 'post_public_record'}
2026-03-11 16:07:06,859 - .egsync - INFO - error handling {'mockchain_channel': 'admin_1', 'mockchain_index': 13, 'ballot_id': 'ballot-476d9db6-1d64-11f1-9625-768fd7ed4145', 'action': 'post_public_record'}: object async_generator can't be used in 'await' expression
2026-03-11 16:07:06,895 - .egsync - INFO - schedule_response admin_1 14
2026-03-11 16:07:06,896 - .egsync - INFO - schedule_response admin_1 14
2026-03-11 16:07:07,013 - .egsync - INFO - fetch_public_record {'mockchain_channel': 'admin_1', 'mockchain_index': 14, 'ballot_id': 'ballot-480eed2e-1d64-11f1-ac1f-768fd7ed4145', 'cid': 'bafkreicvgvz2rfc2ktqgunso2rs7w2uw6caifbq4ecbbgyg5ewpkxicutq', 'record_type': 'spoiled_result', 'action': 'post_public_record'}
2026-03-11 16:07:07,040 - .egsync - INFO - error handling {'mockchain_channel': 'admin_1', 'mockchain_index': 14, 'ballot_id': 'ballot-480eed2e-1d64-11f1-ac1f-768fd7ed4145', 'action': 'post_public_record'}: object async_generator can't be used in 'await' expression
2026-03-11 16:07:07,143 - .egsync - INFO - schedule_response admin_1 15
2026-03-11 16:07:07,144 - .egsync - INFO - schedule_response admin_1 15
2026-03-11 16:07:07,322 - .egsync - INFO - fetch_public_record {'mockchain_channel': 'admin_1', 'mockchain_index': 15, 'ballot_id': 'ballot-48b5dc74-1d64-11f1-9b1b-768fd7ed4145', 'cid': 'bafkreibn2c3oqsozx36kwnopf52e225vdi7ft2zxprv4frwojfeqrjnvhy', 'record_type': 'spoiled_result', 'action': 'post_public_record'}
2026-03-11 16:07:07,344 - .egsync - INFO - schedule_response admin_1 16
2026-03-11 16:07:07,344 - .egsync - INFO - schedule_response admin_1 16
2026-03-11 16:07:07,348 - .egsync - INFO - error handling {'mockchain_channel': 'admin_1', 'mockchain_index': 15, 'ballot_id': 'ballot-48b5dc74-1d64-11f1-9b1b-768fd7ed4145', 'action': 'post_public_record'}: object async_generator can't be used in 'await' expression
2026-03-11 16:07:07,532 - .egsync - INFO - fetch_public_record {'mockchain_channel': 'admin_1', 'mockchain_index': 16, 'ballot_id': 'ballot-49fb726a-1d64-11f1-ad12-768fd7ed4145', 'cid': 'bafkreiea23ycqgsptmpgckbpudwekyt6jgiqlt2klky5nkr7dvzotdd6vy', 'record_type': 'spoiled_result', 'action': 'post_public_record'}
2026-03-11 16:07:07,553 - .egsync - INFO - schedule_response admin_1 17
2026-03-11 16:07:07,553 - .egsync - INFO - schedule_response admin_1 17
2026-03-11 16:07:07,558 - .egsync - INFO - error handling {'mockchain_channel': 'admin_1', 'mockchain_index': 16, 'ballot_id': 'ballot-49fb726a-1d64-11f1-ad12-768fd7ed4145', 'action': 'post_public_record'}: object async_generator can't be used in 'await' expression
2026-03-11 16:07:07,708 - .egsync - INFO - fetch_public_record {'mockchain_channel': 'admin_1', 'mockchain_index': 17, 'ballot_id': 'ballot-4aa15ab8-1d64-11f1-bc23-768fd7ed4145', 'cid': 'bafkreifvqpg4fiw5lfpt7pzgzwb5snnhayagyzbsbtectxw2ulaof6s2vi', 'record_type': 'spoiled_result', 'action': 'post_public_record'}
2026-03-11 16:07:07,734 - .egsync - INFO - error handling {'mockchain_channel': 'admin_1', 'mockchain_index': 17, 'ballot_id': 'ballot-4aa15ab8-1d64-11f1-bc23-768fd7ed4145', 'action': 'post_public_record'}: object async_generator can't be used in 'await' expression
2026-03-11 16:07:07,758 - .egsync - INFO - schedule_response admin_1 18
2026-03-11 16:07:07,759 - .egsync - INFO - schedule_response admin_1 18
2026-03-11 16:07:07,881 - .egsync - INFO - fetch_public_record {'mockchain_channel': 'admin_1', 'mockchain_index': 18, 'ballot_id': 'ballot-4c9f842a-1d64-11f1-94d0-768fd7ed4145', 'cid': 'bafkreihesgn7p3n2nt6tjcfduezo66ywphat3s75dxtqakrolootf2xpby', 'record_type': 'spoiled_result', 'action': 'post_public_record'}
2026-03-11 16:07:07,906 - .egsync - INFO - error handling {'mockchain_channel': 'admin_1', 'mockchain_index': 18, 'ballot_id': 'ballot-4c9f842a-1d64-11f1-94d0-768fd7ed4145', 'action': 'post_public_record'}: object async_generator can't be used in 'await' expression
2026-03-11 16:07:09,279 - .egsync - INFO - load_public_record manifest {}
2026-03-11 16:07:09,292 - .egsync - INFO - load_public_record ceremony_details {}
2026-03-11 16:07:09,295 - .egsync - INFO - load_public_record guardian_pubkey {'guardian_id': 'guardian_1'}
2026-03-11 16:07:09,302 - .egsync - INFO - load_public_record guardian_pubkey {'guardian_id': 'guardian_2'}
2026-03-11 16:07:09,306 - .egsync - INFO - load_public_record guardian_pubkey {'guardian_id': 'guardian_3'}
2026-03-11 16:07:09,312 - .egsync - INFO - record_fmtargs guardian_backup -> [{'guardian_id': 'guardian_1', 'backup_order': 2}, {'guardian_id': 'guardian_1', 'backup_order': 3}, {'guardian_id': 'guardian_2', 'backup_order': 1}, {'guardian_id': 'guardian_2', 'backup_order': 3}, {'guardian_id': 'guardian_3', 'backup_order': 1}, {'guardian_id': 'guardian_3', 'backup_order': 2}]
2026-03-11 16:07:09,315 - .egsync - INFO - load_public_record guardian_backup {'guardian_id': 'guardian_1', 'backup_order': '2'}
2026-03-11 16:07:09,320 - .egsync - INFO - load_public_record guardian_backup {'guardian_id': 'guardian_1', 'backup_order': '3'}
2026-03-11 16:07:09,325 - .egsync - INFO - load_public_record guardian_backup {'guardian_id': 'guardian_2', 'backup_order': '1'}
2026-03-11 16:07:09,329 - .egsync - INFO - load_public_record guardian_backup {'guardian_id': 'guardian_2', 'backup_order': '3'}
2026-03-11 16:07:09,333 - .egsync - INFO - load_public_record guardian_backup {'guardian_id': 'guardian_3', 'backup_order': '1'}
2026-03-11 16:07:09,337 - .egsync - INFO - load_public_record guardian_backup {'guardian_id': 'guardian_3', 'backup_order': '2'}
2026-03-11 16:07:09,341 - .egsync - INFO - load_public_record guardian_verification {'guardian_id': 'guardian_1', 'backup_order': '2'}
2026-03-11 16:07:09,344 - .egsync - INFO - load_public_record guardian_verification {'guardian_id': 'guardian_1', 'backup_order': '3'}
2026-03-11 16:07:09,347 - .egsync - INFO - load_public_record guardian_verification {'guardian_id': 'guardian_2', 'backup_order': '1'}
2026-03-11 16:07:09,351 - .egsync - INFO - load_public_record guardian_verification {'guardian_id': 'guardian_2', 'backup_order': '3'}
2026-03-11 16:07:09,355 - .egsync - INFO - load_public_record guardian_verification {'guardian_id': 'guardian_3', 'backup_order': '1'}
2026-03-11 16:07:09,358 - .egsync - INFO - load_public_record guardian_verification {'guardian_id': 'guardian_3', 'backup_order': '2'}
2026-03-11 16:07:09,361 - .egsync - INFO - load_public_record joint_key {}
2026-03-11 16:07:09,370 - .egsync - INFO - record_fmtargs device -> [{'device_number': 1}]
2026-03-11 16:07:09,372 - .egsync - INFO - load_public_record device {'device_number': '1'}
2026-03-11 16:07:09,376 - .egsync - INFO - record_fmtargs ballot_submitted -> [{'ballot_id': 'ballot-476d9db6-1d64-11f1-9625-768fd7ed4145'}, {'ballot_id': 'ballot-480eed2e-1d64-11f1-ac1f-768fd7ed4145'}, {'ballot_id': 'ballot-48b5dc74-1d64-11f1-9b1b-768fd7ed4145'}, {'ballot_id': 'ballot-4957f5fe-1d64-11f1-9226-768fd7ed4145'}, {'ballot_id': 'ballot-49fb726a-1d64-11f1-ad12-768fd7ed4145'}, {'ballot_id': 'ballot-4aa15ab8-1d64-11f1-bc23-768fd7ed4145'}, {'ballot_id': 'ballot-4b4fb8a6-1d64-11f1-a997-768fd7ed4145'}, {'ballot_id': 'ballot-4bf9df52-1d64-11f1-8d0e-768fd7ed4145'}, {'ballot_id': 'ballot-4c9f842a-1d64-11f1-94d0-768fd7ed4145'}, {'ballot_id': 'ballot-4d471122-1d64-11f1-a9e3-768fd7ed4145'}, {'ballot_id': 'ballot-4decea16-1d64-11f1-8c68-768fd7ed4145'}, {'ballot_id': 'ballot-4e970104-1d64-11f1-a8cd-768fd7ed4145'}]
2026-03-11 16:07:09,380 - .egsync - INFO - load_public_record ballot_submitted {'ballot_id': 'ballot-476d9db6-1d64-11f1-9625-768fd7ed4145'}
2026-03-11 16:07:09,597 - .egsync - INFO - load_public_record ballot_submitted {'ballot_id': 'ballot-480eed2e-1d64-11f1-ac1f-768fd7ed4145'}
2026-03-11 16:07:09,824 - .egsync - INFO - load_public_record ballot_submitted {'ballot_id': 'ballot-48b5dc74-1d64-11f1-9b1b-768fd7ed4145'}
2026-03-11 16:07:09,949 - .egsync - INFO - load_public_record ballot_submitted {'ballot_id': 'ballot-4957f5fe-1d64-11f1-9226-768fd7ed4145'}
2026-03-11 16:07:10,081 - .egsync - INFO - load_public_record ballot_submitted {'ballot_id': 'ballot-49fb726a-1d64-11f1-ad12-768fd7ed4145'}
2026-03-11 16:07:10,301 - .egsync - INFO - load_public_record ballot_submitted {'ballot_id': 'ballot-4aa15ab8-1d64-11f1-bc23-768fd7ed4145'}
2026-03-11 16:07:10,425 - .egsync - INFO - load_public_record ballot_submitted {'ballot_id': 'ballot-4b4fb8a6-1d64-11f1-a997-768fd7ed4145'}
2026-03-11 16:07:10,558 - .egsync - INFO - load_public_record ballot_submitted {'ballot_id': 'ballot-4bf9df52-1d64-11f1-8d0e-768fd7ed4145'}
2026-03-11 16:07:10,670 - .egsync - INFO - load_public_record ballot_submitted {'ballot_id': 'ballot-4c9f842a-1d64-11f1-94d0-768fd7ed4145'}
2026-03-11 16:07:10,787 - .egsync - INFO - load_public_record ballot_submitted {'ballot_id': 'ballot-4d471122-1d64-11f1-a9e3-768fd7ed4145'}
2026-03-11 16:07:10,947 - .egsync - INFO - load_public_record ballot_submitted {'ballot_id': 'ballot-4decea16-1d64-11f1-8c68-768fd7ed4145'}
2026-03-11 16:07:11,076 - .egsync - INFO - load_public_record ballot_submitted {'ballot_id': 'ballot-4e970104-1d64-11f1-a8cd-768fd7ed4145'}
2026-03-11 16:07:11,190 - .egsync - INFO - record_fmtargs cast_notice -> [{'ballot_id': 'ballot-4957f5fe-1d64-11f1-9226-768fd7ed4145'}, {'ballot_id': 'ballot-4b4fb8a6-1d64-11f1-a997-768fd7ed4145'}, {'ballot_id': 'ballot-4bf9df52-1d64-11f1-8d0e-768fd7ed4145'}, {'ballot_id': 'ballot-4d471122-1d64-11f1-a9e3-768fd7ed4145'}, {'ballot_id': 'ballot-4decea16-1d64-11f1-8c68-768fd7ed4145'}, {'ballot_id': 'ballot-4e970104-1d64-11f1-a8cd-768fd7ed4145'}]
2026-03-11 16:07:11,193 - .egsync - INFO - load_public_record cast_notice {'ballot_id': 'ballot-4957f5fe-1d64-11f1-9226-768fd7ed4145'}
2026-03-11 16:07:11,197 - .egsync - INFO - load_public_record cast_notice {'ballot_id': 'ballot-4b4fb8a6-1d64-11f1-a997-768fd7ed4145'}
2026-03-11 16:07:11,202 - .egsync - INFO - load_public_record cast_notice {'ballot_id': 'ballot-4bf9df52-1d64-11f1-8d0e-768fd7ed4145'}
2026-03-11 16:07:11,206 - .egsync - INFO - load_public_record cast_notice {'ballot_id': 'ballot-4d471122-1d64-11f1-a9e3-768fd7ed4145'}
2026-03-11 16:07:11,210 - .egsync - INFO - load_public_record cast_notice {'ballot_id': 'ballot-4decea16-1d64-11f1-8c68-768fd7ed4145'}
2026-03-11 16:07:11,215 - .egsync - INFO - load_public_record cast_notice {'ballot_id': 'ballot-4e970104-1d64-11f1-a8cd-768fd7ed4145'}
2026-03-11 16:07:11,219 - .egsync - INFO - record_fmtargs ballot_spoiled -> [{'ballot_id': 'ballot-476d9db6-1d64-11f1-9625-768fd7ed4145'}, {'ballot_id': 'ballot-480eed2e-1d64-11f1-ac1f-768fd7ed4145'}, {'ballot_id': 'ballot-48b5dc74-1d64-11f1-9b1b-768fd7ed4145'}, {'ballot_id': 'ballot-49fb726a-1d64-11f1-ad12-768fd7ed4145'}, {'ballot_id': 'ballot-4aa15ab8-1d64-11f1-bc23-768fd7ed4145'}, {'ballot_id': 'ballot-4c9f842a-1d64-11f1-94d0-768fd7ed4145'}]
2026-03-11 16:07:11,223 - .egsync - INFO - load_public_record ballot_spoiled {'ballot_id': 'ballot-476d9db6-1d64-11f1-9625-768fd7ed4145'}
2026-03-11 16:07:11,369 - .egsync - INFO - load_public_record ballot_spoiled {'ballot_id': 'ballot-480eed2e-1d64-11f1-ac1f-768fd7ed4145'}
2026-03-11 16:07:11,497 - .egsync - INFO - load_public_record ballot_spoiled {'ballot_id': 'ballot-48b5dc74-1d64-11f1-9b1b-768fd7ed4145'}
2026-03-11 16:07:11,621 - .egsync - INFO - load_public_record ballot_spoiled {'ballot_id': 'ballot-49fb726a-1d64-11f1-ad12-768fd7ed4145'}
2026-03-11 16:07:11,870 - .egsync - INFO - load_public_record ballot_spoiled {'ballot_id': 'ballot-4aa15ab8-1d64-11f1-bc23-768fd7ed4145'}
2026-03-11 16:07:12,116 - .egsync - INFO - load_public_record ballot_spoiled {'ballot_id': 'ballot-4c9f842a-1d64-11f1-94d0-768fd7ed4145'}
2026-03-11 16:07:12,321 - .egsync - INFO - record_fmtargs ballot_spoiled -> [{'ballot_id': 'ballot-476d9db6-1d64-11f1-9625-768fd7ed4145'}, {'ballot_id': 'ballot-480eed2e-1d64-11f1-ac1f-768fd7ed4145'}, {'ballot_id': 'ballot-48b5dc74-1d64-11f1-9b1b-768fd7ed4145'}, {'ballot_id': 'ballot-49fb726a-1d64-11f1-ad12-768fd7ed4145'}, {'ballot_id': 'ballot-4aa15ab8-1d64-11f1-bc23-768fd7ed4145'}, {'ballot_id': 'ballot-4c9f842a-1d64-11f1-94d0-768fd7ed4145'}]
2026-03-11 16:07:12,325 - .egsync - INFO - load_public_record spoiled_result {'ballot_id': 'ballot-476d9db6-1d64-11f1-9625-768fd7ed4145'}
2026-03-11 16:07:12,561 - .egsync - INFO - load_public_record spoiled_result {'ballot_id': 'ballot-480eed2e-1d64-11f1-ac1f-768fd7ed4145'}
2026-03-11 16:07:12,774 - .egsync - INFO - load_public_record spoiled_result {'ballot_id': 'ballot-48b5dc74-1d64-11f1-9b1b-768fd7ed4145'}
2026-03-11 16:07:12,932 - .egsync - INFO - load_public_record spoiled_result {'ballot_id': 'ballot-49fb726a-1d64-11f1-ad12-768fd7ed4145'}
2026-03-11 16:07:13,187 - .egsync - INFO - load_public_record spoiled_result {'ballot_id': 'ballot-4aa15ab8-1d64-11f1-bc23-768fd7ed4145'}
2026-03-11 16:07:13,440 - .egsync - INFO - load_public_record spoiled_result {'ballot_id': 'ballot-4c9f842a-1d64-11f1-94d0-768fd7ed4145'}
2026-03-11 16:07:13,622 - .egsync - INFO - load_public_record ciphertext_tally {}
2026-03-11 16:07:13,918 - .egsync - INFO - schedule_response guardian_2 13
2026-03-11 16:07:13,919 - .egsync - INFO - schedule_response guardian_2 13
2026-03-11 16:07:14,095 - .egsync - INFO - fetch_public_record {'mockchain_channel': 'guardian_2', 'mockchain_index': 13, 'verifier_id': 'guardian_2', 'cid': 'bafkreifvzqqtpbiln42xeu3bxgstcy3wnabh3vnxroxfwkhkai6fvidjtq', 'record_type': 'summary', 'action': 'post_public_record'}
2026-03-11 16:07:14,123 - .egsync - INFO - error handling {'mockchain_channel': 'guardian_2', 'mockchain_index': 13, 'verifier_id': 'guardian_2', 'action': 'post_public_record'}: object async_generator can't be used in 'await' expression
2026-03-11 16:07:14,397 - .egsync - INFO - schedule_response guardian_3 13
2026-03-11 16:07:14,398 - .egsync - INFO - schedule_response guardian_3 13
2026-03-11 16:07:14,524 - .egsync - INFO - fetch_public_record {'mockchain_channel': 'guardian_3', 'mockchain_index': 13, 'verifier_id': 'guardian_3', 'cid': 'bafkreifvzqqtpbiln42xeu3bxgstcy3wnabh3vnxroxfwkhkai6fvidjtq', 'record_type': 'summary', 'action': 'post_public_record'}
2026-03-11 16:07:14,528 - .egsync - INFO - error handling {'mockchain_channel': 'guardian_3', 'mockchain_index': 13, 'verifier_id': 'guardian_3', 'action': 'post_public_record'}: object async_generator can't be used in 'await' expression
2026-03-11 16:07:14,652 - .egsync - INFO - schedule_response admin_1 19
2026-03-11 16:07:14,652 - .egsync - INFO - schedule_response admin_1 19
2026-03-11 16:07:14,654 - .egsync - INFO - load_public_record plaintext_tally {}
2026-03-11 16:07:14,848 - .egsync - INFO - fetch_public_record {'mockchain_channel': 'admin_1', 'mockchain_index': 19, 'verifier_id': 'admin_1', 'cid': 'bafkreifvzqqtpbiln42xeu3bxgstcy3wnabh3vnxroxfwkhkai6fvidjtq', 'record_type': 'summary', 'action': 'post_public_record'}
2026-03-11 16:07:14,850 - .egsync - INFO - save_public_record summary {'verifier_id': 'verifier_1', 'channel': 'verifier_1'} {'Verified': {'manifest': True, 'ceremony_details': True, 'gather_announce': True, 'guardian_pubkey': True, 'all_guardian_pubkeys': True, 'guardian_backup': True, 'all_guardian_backups': True, 'guardian_verification': True, 'all_guardian_verifications': True, 'gather_ceremony': True, 'joint_key': True, 'build_election': True, 'constants': True, 'context': True, 'gather_constants': True, 'device': True, 'all_devices': True, 'gather_config': True, 'ballot_submitted': True, 'all_ballots_submitted': True, 'cast_notice': True, 'all_ballots_cast': True, 'ballot_spoiled': True, 'all_ballots_spoiled': True, 'spoiled_result': True, 'all_spoiled_results': True, 'n_spoiled_decrypted': True, 'n_cast_spoiled_submitted': True, 'set_spoiled_decrypted': True, 'set_cast_spoiled_submitted': True, 'ballot_sets': True, 'ciphertext_tally': True, 'tally_aggregation': True, 'plaintext_tally': True, 'tally_decryption': True, 'gather_tally': True, 'gather_decryptions': True, 'gather_election': True}, 'Errors': {}, 'Final tally of cast ballots': [{'question': 'Should pineapple be banned on pizza?', 'answers': {'Unsure': 3, 'No': 2, 'Yes': 1}}], 'Individual spoiled ballots': {'476d9db6-1d64-11f1-9625-768fd7ed4145': [{'Should pineapple be banned on pizza?': 'Yes'}], '480eed2e-1d64-11f1-ac1f-768fd7ed4145': [{'Should pineapple be banned on pizza?': 'Yes'}], '48b5dc74-1d64-11f1-9b1b-768fd7ed4145': [{'Should pineapple be banned on pizza?': 'Yes'}], '49fb726a-1d64-11f1-ad12-768fd7ed4145': [{'Should pineapple be banned on pizza?': 'No'}], '4aa15ab8-1d64-11f1-bc23-768fd7ed4145': [{'Should pineapple be banned on pizza?': 'No'}], '4c9f842a-1d64-11f1-94d0-768fd7ed4145': [{'Should pineapple be banned on pizza?': 'Unsure'}]}}
2026-03-11 16:07:14,851 - .egsync - INFO - saved summary to /data/private/4_verify/verifier_1.json
2026-03-11 16:07:14,853 - .egsync - INFO - error handling {'mockchain_channel': 'admin_1', 'mockchain_index': 19, 'verifier_id': 'admin_1', 'action': 'post_public_record'}: object async_generator can't be used in 'await' expression
2026-03-11 16:07:14,901 - .egsync - INFO - json_path: /data/mockchain/verifier_1/001.json
2026-03-11 16:07:14,902 - .egsync - INFO - schedule_response verifier_1 1
2026-03-11 16:07:14,902 - .egsync - INFO - schedule_response verifier_1 1
2026-03-11 16:07:15,084 - .egsync - INFO - fetch_public_record {'mockchain_channel': 'verifier_1', 'mockchain_index': 1, 'verifier_id': 'verifier_1', 'cid': 'bafkreifvzqqtpbiln42xeu3bxgstcy3wnabh3vnxroxfwkhkai6fvidjtq', 'record_type': 'summary', 'action': 'post_public_record'}
2026-03-11 16:07:15,087 - .egsync - INFO - error handling {'mockchain_channel': 'verifier_1', 'mockchain_index': 1, 'verifier_id': 'verifier_1', 'action': 'post_public_record'}: object async_generator can't be used in 'await' expression
2026-03-11 16:07:15,126 - .egsync - INFO - schedule_response guardian_1 13
2026-03-11 16:07:15,126 - .egsync - INFO - schedule_response guardian_1 13
2026-03-11 16:07:15,262 - .egsync - INFO - fetch_public_record {'mockchain_channel': 'guardian_1', 'mockchain_index': 13, 'verifier_id': 'guardian_1', 'cid': 'bafkreifvzqqtpbiln42xeu3bxgstcy3wnabh3vnxroxfwkhkai6fvidjtq', 'record_type': 'summary', 'action': 'post_public_record'}
2026-03-11 16:07:15,265 - .egsync - INFO - error handling {'mockchain_channel': 'guardian_1', 'mockchain_index': 13, 'verifier_id': 'guardian_1', 'action': 'post_public_record'}: object async_generator can't be used in 'await' expression
